// Jest Snapshot v1, https://goo.gl/fbAQLP

exports[`should match snapshot 1`] = `
<DocumentFragment>
  <div
    class="container"
  >
    <h2>
      Książki
    </h2>
    <div
      class="d-flex justify-content-center card-group"
    />
    <div
      class="spinner-border"
    />
  </div>
</DocumentFragment>
`;
